../Core/Src/main.c:90:5:main	48	static
../Core/Src/main.c:163:6:SystemClock_Config	88	static
../Core/Src/main.c:221:13:MX_USART3_UART_Init	8	static
../Core/Src/main.c:256:13:MX_GPIO_Init	56	static
../Core/Src/main.c:326:1:__io_putchar	16	static
../Core/Src/main.c:331:13:mqtt_publish_cb_t	16	static
../Core/Src/main.c:335:13:mqtt_request_cb	24	static
../Core/Src/main.c:341:13:mqtt_incoming_publish_cb	32	static
../Core/Src/main.c:348:13:mqtt_incoming_data_cb	32	static
../Core/Src/main.c:356:13:mqtt_connection_cb	32	static
../Core/Src/main.c:383:6:mqtt_manager	40	static
../Core/Src/main.c:430:6:HAL_TIM_PeriodElapsedCallback	16	static
../Core/Src/main.c:447:6:Error_Handler	8	static,ignoring_inline_asm
